test_parse_category (__main__.TestCodeParserObjC.test_parse_category)
测试解析Category ... ok
test_parse_enum (__main__.TestCodeParserObjC.test_parse_enum)
测试解析枚举 ... ok
test_parse_macro_define (__main__.TestCodeParserObjC.test_parse_macro_define)
测试解析宏定义 ... ok
test_parse_method_with_parameters (__main__.TestCodeParserObjC.test_parse_method_with_parameters)
测试解析带参数的方法 ... ok
test_parse_multiline_comment (__main__.TestCodeParserObjC.test_parse_multiline_comment)
测试多行注释处理 ... ok
test_parse_property_formats (__main__.TestCodeParserObjC.test_parse_property_formats)
测试解析各种属性格式 ... ok
test_parse_protocol (__main__.TestCodeParserObjC.test_parse_protocol)
测试解析Protocol ... ok
test_parse_simple_class (__main__.TestCodeParserObjC.test_parse_simple_class)
测试解析简单类定义 ... ok
test_parse_string_literal (__main__.TestCodeParserObjC.test_parse_string_literal)
测试字符串字面量处理 ... ok
test_whitelist_filtering (__main__.TestCodeParserObjC.test_whitelist_filtering)
测试白名单过滤 ... ok
test_parse_enum (__main__.TestCodeParserSwift.test_parse_enum)
测试解析枚举 ... ok
test_parse_extension (__main__.TestCodeParserSwift.test_parse_extension)
测试解析扩展 ... ok
test_parse_method_with_parameters (__main__.TestCodeParserSwift.test_parse_method_with_parameters)
测试解析带参数的方法 ... ok
test_parse_multiline_comment (__main__.TestCodeParserSwift.test_parse_multiline_comment)
测试多行注释处理 ... ok
test_parse_nested_types (__main__.TestCodeParserSwift.test_parse_nested_types)
测试解析嵌套类型 ... ok
test_parse_property_formats (__main__.TestCodeParserSwift.test_parse_property_formats)
测试解析各种属性格式 ... ok
test_parse_protocol (__main__.TestCodeParserSwift.test_parse_protocol)
测试解析协议 ... ok
test_parse_simple_class (__main__.TestCodeParserSwift.test_parse_simple_class)
测试解析简单类 ... ok
test_parse_string_literal (__main__.TestCodeParserSwift.test_parse_string_literal)
测试字符串字面量处理 ... ok
test_parse_struct (__main__.TestCodeParserSwift.test_parse_struct)
测试解析结构体 ... ok
test_empty_file (__main__.TestCodeParserEdgeCases.test_empty_file)
测试空文件 ... ok
test_invalid_syntax (__main__.TestCodeParserEdgeCases.test_invalid_syntax)
测试语法错误（应该跳过） ... ok
test_only_comments (__main__.TestCodeParserEdgeCases.test_only_comments)
测试只有注释的文件 ... ok
test_special_characters_in_comments (__main__.TestCodeParserEdgeCases.test_special_characters_in_comments)
测试注释中的特殊字符 ... ok
test_very_long_names (__main__.TestCodeParserEdgeCases.test_very_long_names)
测试非常长的名称 ... ok
test_deep_nesting (__main__.TestCodeParserPerformance.test_deep_nesting)
测试深度嵌套 ... ok
test_large_file_parsing (__main__.TestCodeParserPerformance.test_large_file_parsing)
测试解析大文件 ... ok

----------------------------------------------------------------------
Ran 27 tests in 0.023s

OK
======================================================================
代码解析器增强测试
======================================================================


======================================================================
测试总结:
======================================================================
运行测试数: 27
成功: 27
失败: 0
错误: 0

✅ 所有测试通过！代码解析器功能正常
